[02:58:02] [ServerMain/INFO]: [bootstrap] Running Java 21 (OpenJDK 64-Bit Server VM 21.0.8+9-Ubuntu-0ubuntu124.04.1; Ubuntu null) on Linux 6.8.0-1030-azure (amd64)
[02:58:02] [ServerMain/INFO]: [bootstrap] Loading Paper 1.21.8-6-main@782ce95 (2025-07-18T20:26:58Z) for Minecraft 1.21.8
[02:58:02] [ServerMain/INFO]: [PluginInitializerManager] Initializing plugins...
[02:58:03] [ServerMain/INFO]: [PluginInitializerManager] Initialized 0 plugins
[02:58:09] [ServerMain/INFO]: Environment: Environment[sessionHost=https://sessionserver.mojang.com, servicesHost=https://api.minecraftservices.com, name=PROD]
[02:58:12] [ServerMain/INFO]: Loaded 1407 recipes
[02:58:12] [ServerMain/INFO]: Loaded 1520 advancements
[02:58:12] [ServerMain/INFO]: [ca.spottedleaf.dataconverter.minecraft.datatypes.MCTypeRegistry] Initialising converters for DataConverter...
[02:58:13] [ServerMain/INFO]: [ca.spottedleaf.dataconverter.minecraft.datatypes.MCTypeRegistry] Finished initialising converters for DataConverter in 455.6ms
[02:58:13] [Server thread/INFO]: Starting minecraft server version 1.21.8
[02:58:13] [Server thread/INFO]: Loading properties
[02:58:13] [Server thread/INFO]: This server is running Paper version 1.21.8-6-main@782ce95 (2025-07-18T20:26:58Z) (Implementing API version 1.21.8-R0.1-SNAPSHOT)
[02:58:13] [Server thread/INFO]: [spark] This server bundles the spark profiler. For more information please visit https://docs.papermc.io/paper/profiling
[02:58:13] [Server thread/INFO]: Server Ping Player Sample Count: 12
[02:58:13] [Server thread/INFO]: Using 4 threads for Netty based IO
[02:58:14] [Server thread/INFO]: [MoonriseCommon] Paper is using 1 worker threads, 1 I/O threads
[02:58:14] [Server thread/INFO]: [ChunkTaskScheduler] Chunk system is using population gen parallelism: true
[02:58:14] [Server thread/INFO]: Default game type: SURVIVAL
[02:58:14] [Server thread/INFO]: Generating keypair
[02:58:14] [Server thread/INFO]: Starting Minecraft server on *:25565
[02:58:14] [Server thread/INFO]: Using epoll channel type
[02:58:14] [Server thread/INFO]: Paper: Using libdeflate (Linux x86_64) compression from Velocity.
[02:58:14] [Server thread/INFO]: Paper: Using OpenSSL 3.x.x (Linux x86_64) cipher from Velocity.
[02:58:14] [Server thread/INFO]: Server permissions file permissions.yml is empty, ignoring it
[02:58:14] [Server thread/WARN]: **** SERVER IS RUNNING IN OFFLINE/INSECURE MODE!
[02:58:14] [Server thread/WARN]: The server will make no attempt to authenticate usernames. Beware.
[02:58:14] [Server thread/WARN]: While this makes the game possible to play without internet access, it also opens up the ability for hackers to connect with any username they choose.
[02:58:14] [Server thread/WARN]: To change this, set "online-mode" to "true" in the server.properties file.
[02:58:14] [Server thread/INFO]: Preparing level "world"
[02:58:15] [Server thread/INFO]: Preparing start region for dimension minecraft:overworld
[02:58:16] [Server thread/INFO]: Preparing spawn area: 0%
[02:58:16] [Server thread/INFO]: Preparing spawn area: 0%
[02:58:16] [Server thread/INFO]: Preparing spawn area: 2%
[02:58:17] [Server thread/INFO]: Preparing spawn area: 12%
[02:58:17] [Server thread/INFO]: Time elapsed: 2001 ms
[02:58:17] [Server thread/INFO]: Preparing start region for dimension minecraft:the_nether
[02:58:17] [Server thread/INFO]: Preparing spawn area: 0%
[02:58:18] [Server thread/INFO]: Preparing spawn area: 83%
[02:58:18] [Server thread/INFO]: Time elapsed: 770 ms
[02:58:18] [Server thread/INFO]: Preparing start region for dimension minecraft:the_end
[02:58:18] [Server thread/INFO]: Preparing spawn area: 0%
[02:58:18] [Server thread/INFO]: Time elapsed: 112 ms
[02:58:18] [Server thread/INFO]: [spark] Starting background profiler...
[02:58:19] [Server thread/INFO]: Done preparing level "world" (4.712s)
[02:58:19] [Server thread/INFO]: Running delayed init tasks
[02:58:19] [Server thread/INFO]: Done (18.560s)! For help, type "help"
[03:04:59] [User Authenticator #0/INFO]: UUID of player Jaairoo09 is 4e3c4d8a-04ca-3a62-afce-477730d321fe
[03:05:04] [Server thread/INFO]: Jaairoo09 joined the game
[03:05:04] [Server thread/INFO]: Jaairoo09[/127.65.166.68:52975] logged in with entity id 53 at ([world]49.011803314065816, 87.0, -472.61101737250675)
[03:06:27] [Server thread/WARN]: Jaairoo09 moved too quickly! -7.7456216003552285,1.2491870787446828,-6.696549220295594
[03:51:33] [Server thread/INFO]: Jaairoo09 lost connection: Disconnected
[03:51:33] [Server thread/INFO]: Jaairoo09 left the game
